[2026-09-04 04:46:03] Aviso: Binance funding rate no disponible (451 Client Error:  for url: https://fapi.binance.com/fapi/v1/fundingRate?symbol=BTCUSDT&limit=200). Probando Bybit...
[2026-09-04 04:46:03] Aviso: Bybit funding rate tampoco disponible (403 Client Error: Forbidden for url: https://api.bybit.com/v5/market/funding/history?category=linear&symbol=BTCUSDT&limit=200). Se omite ese filtro esta vez.
[2026-09-04 04:46:03] ⚠️ SEÑAL PROVISIONAL (vela de 15m en formación)
[2026-09-04 04:46:03] AVISO PROVISIONAL — la vela de 15m todavía se está formando y la señal puede deshacerse antes del cierre. Úsalo para prepararte, no para entrar en firme todavía. Si al cerrar la vela se mantiene, recibirás un segundo email de CONFIRMACIÓN.

Zona de acumulación: 69361.53 - 69687.36
Precio de ENTRADA sugerido: 69807.08
TAKE PROFIT (TP): 70252.63  (+0.64% desde entrada)
STOP LOSS (SL): 69361.53  (-0.64% desde entrada)
RSI(14): 51.6

Recuerda: esto es un aviso, no una orden automática. Revisa antes de operar.
Resultados validados en bruto (sin comisiones reales aplicadas).
[2026-09-04 04:46:04] [ERROR] No se pudo enviar el email: (534, b'5.7.9 Application-specific password required. For more information, go to\n5.7.9  https://support.google.com/mail/?p=InvalidSecondFactor d75a77b69052e-53054226b8bsm12353721cf.30 - gsmtp')
[2026-09-04 09:07:28] Sin patrón relevante en este momento.
[2026-09-04 13:31:51] Sin patrón relevante en este momento.
[2026-09-04 17:02:31] Sin patrón relevante en este momento.
[2026-09-04 19:29:40] En acumulación (68383.59-68755.44, rango 0.54%). Sin ruptura aún.
[2026-09-04 21:45:18] En acumulación (68656.54-68808.59, rango 0.22%). Sin ruptura aún.
[2026-09-04 23:24:41] En acumulación (68520.07-68780.93, rango 0.38%). Sin ruptura aún.
[2026-09-05 01:16:26] En acumulación (68533.75-68700.82, rango 0.24%). Sin ruptura aún.
[2026-09-05 05:52:10] En acumulación (68439.44-68568.37, rango 0.19%). Sin ruptura aún.
[2026-09-05 09:50:28] En acumulación (68545.86-68692.85, rango 0.21%). Sin ruptura aún.
[2026-09-05 13:06:12] En acumulación (68581.98-68741.63, rango 0.23%). Sin ruptura aún.
[2026-09-05 16:02:17] En acumulación (68659.82-68803.63, rango 0.21%). Sin ruptura aún.
[2026-09-05 18:12:49] En acumulación (68760.35-69123.23, rango 0.53%). Sin ruptura aún.
[2026-09-05 20:26:40] En acumulación (68686.12-68986.46, rango 0.44%). Sin ruptura aún.
[2026-09-05 22:12:10] En acumulación (68686.12-68895.76, rango 0.31%). Sin ruptura aún.
[2026-09-05 23:56:21] En acumulación (68696.29-68901.29, rango 0.3%). Sin ruptura aún.
[2026-09-06 03:58:29] En acumulación (68813.74-69000.0, rango 0.27%). Sin ruptura aún.
[2026-09-06 08:36:14] En acumulación (68550.97-68822.64, rango 0.4%). Sin ruptura aún.
[2026-09-06 12:19:37] En acumulación (68800.9-68942.83, rango 0.21%). Sin ruptura aún.
[2026-09-06 15:35:21] Sin patrón relevante en este momento.
[2026-09-06 17:41:01] En acumulación (68563.86-68730.68, rango 0.24%). Sin ruptura aún.
[2026-09-06 19:33:20] En acumulación (68681.07-68902.57, rango 0.32%). Sin ruptura aún.
[2026-09-06 21:40:44] En acumulación (68717.53-68945.12, rango 0.33%). Sin ruptura aún.
[2026-09-06 23:12:20] Aviso: Binance funding rate no disponible (451 Client Error:  for url: https://fapi.binance.com/fapi/v1/fundingRate?symbol=BTCUSDT&limit=200). Probando Bybit...
[2026-09-06 23:12:21] Aviso: Bybit funding rate tampoco disponible (403 Client Error: Forbidden for url: https://api.bybit.com/v5/market/funding/history?category=linear&symbol=BTCUSDT&limit=200). Se omite ese filtro esta vez.
[2026-09-06 23:12:21] 🔔 SEÑAL DE ENTRADA CONFIRMADA
[2026-09-06 23:12:21] SEÑAL CONFIRMADA (la vela de 15m ha cerrado cumpliendo las condiciones).

Zona de acumulación: 68639.77 - 68945.12
Precio de ENTRADA sugerido: 69063.56
TAKE PROFIT (TP): 69487.35  (+0.61% desde entrada)
STOP LOSS (SL): 68639.77  (-0.61% desde entrada)
RSI(14): 64.2

Recuerda: esto es un aviso, no una orden automática. Revisa antes de operar.
Resultados validados en bruto (sin comisiones reales aplicadas).
[2026-09-06 23:12:21] [ERROR] No se pudo enviar el email: (534, b'5.7.9 Application-specific password required. For more information, go to\n5.7.9  https://support.google.com/mail/?p=InvalidSecondFactor d75a77b69052e-530541436b1sm73794791cf.12 - gsmtp')
[2026-09-07 01:04:04] Sin patrón relevante en este momento.
[2026-09-07 06:02:22] En acumulación (68517.92-68838.16, rango 0.47%). Sin ruptura aún.
[2026-09-07 12:20:46] En acumulación (68211.0-68399.0, rango 0.28%). Sin ruptura aún.
[2026-09-07 17:48:02] En acumulación (67776.36-68121.94, rango 0.51%). Sin ruptura aún.
[2026-09-07 20:48:51] En acumulación (68106.59-68332.77, rango 0.33%). Sin ruptura aún.
[2026-09-07 23:03:33] Sin patrón relevante en este momento.
[2026-09-08 01:09:12] En acumulación (67929.09-68248.17, rango 0.47%). Sin ruptura aún.
[2026-09-08 05:58:34] En acumulación (67567.1-67887.92, rango 0.47%). Sin ruptura aún.
[2026-09-08 11:07:42] Sin patrón relevante en este momento.
[2026-09-08 15:06:12] Sin patrón relevante en este momento.
[2026-09-08 18:37:59] En acumulación (67524.29-67877.58, rango 0.52%). Sin ruptura aún.
[2026-09-08 21:25:36] En acumulación (67384.03-67657.5, rango 0.41%). Sin ruptura aún.
[2026-09-08 23:34:04] En acumulación (67461.31-67655.59, rango 0.29%). Sin ruptura aún.
[2026-09-09 01:30:26] En acumulación (67488.65-67811.77, rango 0.48%). Sin ruptura aún.
[2026-09-09 06:37:15] Sin patrón relevante en este momento.
